[aimtoget.com/assets/images/new/favicon.png]
[backblue.gif]
[fade.gif]
[index.html]
[aimtoget.com/assets/images/new/atg-favicon.png]
[aimtoget.com/assets/js/v2/alpine.persist.min.js]
[aimtoget.com/assets/js/v2/alpine.intersect.min.js]
[aimtoget.com/assets/js/v2/alpine.min.js]
[aimtoget.com/assets/js/axios.min2893.js]
[aimtoget.com/assets/js/v2/iziToast.min2893.js]
[aimtoget.com/assets/js/v2/sweetalert2.all.min2893.js]
[aimtoget.com/assets/js/v2/utils2893.js]
[aimtoget.com/assets/images/v2/i88.png]
[aimtoget.com/assets/images/v2/bg-util.png]
[aimtoget.com/assets/images/v2/airtime-to-cash.png]
[aimtoget.com/assets/images/v2/airtime.png]
[aimtoget.com/assets/images/v2/data.png]
[aimtoget.com/assets/images/v2/bills.png]
[aimtoget.com/assets/images/v2/nairapin.png]
[aimtoget.com/assets/images/v2/send-receive.png]
[aimtoget.com/assets/images/v2/pattern-lock.png]
[aimtoget.com/assets/images/v2/headphones.png]
[aimtoget.com/assets/images/v2/cyber-security.png]
[aimtoget.com/assets/images/v2/clock.png]
[aimtoget.com/index.html]
[aimtoget.com/assets/images/v2/hand-bg.jpg]
[aimtoget.com/assets/css/v2/styles2893.css]
[aimtoget.com/assets/fonts/Rubik/Rubik-VariableFont_wght.ttf]
[aimtoget.com/assets/css/v2.5/fonts2893.css]
[aimtoget.com/assets/css/v2/iziToast.min2893.css]
[aimtoget.com/assets/css/v2/sweetalert2.min2893.css]
[aimtoget.com/assets/fontawesome-free-6.1.2-web/webfonts/fa-brands-400.woff2]
[aimtoget.com/assets/fontawesome-free-6.1.2-web/webfonts/fa-brands-400.ttf]
[aimtoget.com/assets/fontawesome-free-6.1.2-web/webfonts/fa-regular-400.woff2]
[aimtoget.com/assets/fontawesome-free-6.1.2-web/webfonts/fa-regular-400.ttf]
[aimtoget.com/assets/fontawesome-free-6.1.2-web/webfonts/fa-solid-900.woff2]
[aimtoget.com/assets/fontawesome-free-6.1.2-web/webfonts/fa-solid-900.ttf]
[aimtoget.com/assets/fontawesome-free-6.1.2-web/webfonts/fa-v4compatibility.woff2]
[aimtoget.com/assets/fontawesome-free-6.1.2-web/webfonts/fa-v4compatibility.ttf]
[aimtoget.com/assets/fontawesome-free-6.1.2-web/css/all.min.css]
[aimtoget.com/assets/images/v2/aimtoget-logo.svg]
[aimtoget.com/assets/images/v2/a2c-ss.png]
[aimtoget.com/assets/images/v2/withdraw-ss.png]
[aimtoget.com/user/transact.html]
[aimtoget.com/product/data-topup.html]
[aimtoget.com/assets/images/v2/nairapin-img-2.png]
[aimtoget.com/nairapin.html]
[aimtoget.com/login.html]
[aimtoget.com/register.html]
[aimtoget.com/assets/images/favicon.png]
[cdnjs.cloudflare.com/ajax/libs/font-awesome/5.11.2/css/all.css]
[aimtoget.com/assets/uploads/9ec8f5497fbda7eb9bcb.jpg]
[aimtoget.com/assets/uploads/d06da49646968e9908e3.jpg]
[aimtoget.com/assets/uploads/82f146bdb653eca30b4c.jpg]
[aimtoget.com/assets/images/playstore.png]
[aimtoget.com/assets/images/applestore.png]
[s7.addthis.com/js/300/addthis_widget.js]
[aimtoget.com/blog.html]
[aimtoget.com/privacy-policy.html]
[aimtoget.com/terms.html]
[aimtoget.com/account-recovery.html]
[cdnjs.cloudflare.com/ajax/libs/font-awesome/5.11.2/css/all.css]
[aimtoget.com/blog/category/Product-Update.html]
[aimtoget.com/blog/category/COMPANY-NEWS.html]
[aimtoget.com/blog/category/MARKETING.html]
[aimtoget.com/blog/category/TUTORIALS.html]
[aimtoget.com/blog/How-to-make-airtime-transfer-on-MTN,-Airtel,-Glo-and-9mobile.html]
[aimtoget.com/blog/Aimtoget-now-gives-you-a-dedicated-bank-account-number.html]
[aimtoget.com/blog/The-Aimtoget-Blog-.html]
[aimtoget.com/assets/css/normalize2893.css]
[aimtoget.com/assets/css/blog2893.css]
[aimtoget.com/product/pay-with-airtime.html]
[aimtoget.com/product/airtime-data-topup.html]
[aimtoget.com/product/sms-advert.html]
[aimtoget.com/product/airtime-swap.html]
[aimtoget.disqus.com/embed.js]
